// Jest Snapshot v1, https://goo.gl/fbAQLP

exports[`<Button /> should render with default props and match snapshot 1`] = `
<div>
  <button
    class="btn btn-primary btn-"
  >
    Click Me!
  </button>
</div>
`;
